Status: PASS
Attempts: 2


> pipeline-tests@1.0.0 test
> jest --testEnvironment jsdom --json --outputFile=test-run-raw.json --forceExit --verbose

PASS tests/app.test.js
  ✓ Typing markdown on the left updates the preview in real time (40 ms)
  ✓ All 6 markdown elements render correctly (headings, bold, italic, lists, links, code) (20 ms)
  ✓ Clear button resets both panes (10 ms)
  ✓ Page loads with example content already shown (6 ms)
  ✓ No console errors on load or interaction (5 ms)
  ✓ Page is usable on a 375px wide mobile screen (5 ms)

Test Suites: 1 passed, 1 total
Tests:       6 passed, 6 total
Snapshots:   0 total
Time:        0.604 s, estimated 1 s
Ran all test suites.
Test results written to: test-run-raw.json
Force exiting Jest: Have you considered using `--detectOpenHandles` to detect async operations that kept running after all tests finished?
